// Jest Snapshot v1, https://goo.gl/fbAQLP

exports[`ErrorScreen tests Renders and matches snapshot 1`] = `
<div
  className="ErrorScreen"
>
  No gifs available for "test term"
</div>
`;
