// Jest Snapshot v1, https://goo.gl/fbAQLP

exports[`Spinner tests Renders and matches snapshot 1`] = `
<div
  className="Spinner"
/>
`;
